
> temp-app@0.1.0 build
> next build

Γû▓ Next.js 16.1.6 (Turbopack)
- Environments: .env

  Creating an optimized production build ...
Γ£ô Compiled successfully in 1903.7ms
  Running TypeScript ...
  Collecting page data using 11 workers ...
  Generating static pages using 11 workers (0/8) ...
  Generating static pages using 11 workers (2/8) 
  Generating static pages using 11 workers (4/8) 
  Generating static pages using 11 workers (6/8) 
Γ£ô Generating static pages using 11 workers (8/8) in 513.8ms
  Finalizing page optimization ...

Route (app)
Γöî Γùï /
Γö£ Γùï /_not-found
Γö£ ╞Æ /api/enrich
Γö£ Γùï /companies
Γö£ ╞Æ /companies/[id]
Γö£ Γùï /lists
Γöö Γùï /saved


Γùï  (Static)   prerendered as static content
╞Æ  (Dynamic)  server-rendered on demand

